[www.teamseals.xyz/index.html]
[backblue.gif]
[fade.gif]
[index.html]
[apis.google.com/js/clientc932.js]
[www.teamseals.xyz/home.html]
[www.teamseals.xyz/games.html]
[www.teamseals.xyz/games/featured/r0blox.html]
[www.teamseals.xyz/games/featured/minecraft.html]
[www.teamseals.xyz/games/featured/minecraft/minecraft-classic-for-browser.html]
[www.teamseals.xyz/games/featured/minecraft/minecraft-classic-for-browser/mcc-alt.html]
[www.teamseals.xyz/games/featured/minecraft/minecraft-android.html]
[www.teamseals.xyz/games/featured/minecraft/minekhan-js.html]
[www.teamseals.xyz/games/featured/friday-night-funkin.html]
[www.teamseals.xyz/games/featured/friday-night-funkin/fnf-full.html]
[www.teamseals.xyz/games/featured/friday-night-funkin/fnf-full/fnf-week-7.html]
[www.teamseals.xyz/games/featured/friday-night-funkin/soft-mod.html]
[www.teamseals.xyz/games/featured/friday-night-funkin/fnf-no-lag.html]
[www.teamseals.xyz/games/featured/friday-night-funkin/vs-mods/vs-minty.html]
[www.teamseals.xyz/games/featured/friday-night-funkin/vs-mods/vs-hatsune-miku.html]
[www.teamseals.xyz/games/featured/friday-night-funkin/vs-mods/vs-minus.html]
[www.teamseals.xyz/games/featured/friday-night-funkin/vs-mods/vs-garcello.html]
[www.teamseals.xyz/games/featured/friday-night-funkin/vs-mods/vs-imposter.html]
[www.teamseals.xyz/games/featured/friday-night-funkin/vs-mods/vs-huggy-wuggy.html]
[www.teamseals.xyz/games/featured/cookie-run.html]
[www.teamseals.xyz/games/featured/among-us.html]
[www.teamseals.xyz/games/featured/geometry-dash.html]
[www.teamseals.xyz/games/html/2048.html]
[www.teamseals.xyz/games/html/antumbra.html]
[www.teamseals.xyz/games/html/doodle-jump-normal.html]
[www.teamseals.xyz/games/html/doodle-jump-normal/doodle-jump-basic-version.html]
[www.teamseals.xyz/games/html/cookie-clicker.html]
[www.teamseals.xyz/games/html/slope.html]
[www.teamseals.xyz/games/html/flappy-bird.html]
[www.teamseals.xyz/games/html/basketball-random.html]
[www.teamseals.xyz/games/html/baldis-basic.html]
[www.teamseals.xyz/games/html/rooftop-snipers.html]
[www.teamseals.xyz/games/html/retro-bowl.html]
[www.teamseals.xyz/games/html/plague-inc.html]
[www.teamseals.xyz/games/html/angry-birds.html]
[www.teamseals.xyz/games/html/minion-kartz.html]
[www.teamseals.xyz/games/io/territorial-io.html]
[www.teamseals.xyz/games/io/stackball-io.html]
[www.teamseals.xyz/games/io/surviv-io.html]
[www.teamseals.xyz/games/retro/emulation/emulator/snes.html]
[www.teamseals.xyz/games/retro/emulation/emulator/nes.html]
[www.teamseals.xyz/games/retro/emulation/emulator/genesis.html]
[www.teamseals.xyz/games/retro/emulation/emulator/gba.html]
[www.teamseals.xyz/games/retro/emulation/emulator/n64.html]
[www.teamseals.xyz/games/retro/emulation/emulatorjs.html]
[www.teamseals.xyz/games/retro/doom.html]
[www.teamseals.xyz/games/retro/mario.html]
[www.teamseals.xyz/games/retro/mario/smb-super-mario-bros-nes.html]
[www.teamseals.xyz/games/retro/mario/smw-super-mario-world.html]
[www.teamseals.xyz/games/retro/mario/mario-kart-super-circuit.html]
[www.teamseals.xyz/games/retro/mario/mario-kart-64.html]
[www.teamseals.xyz/games/retro/mario/super-mario-64.html]
[www.teamseals.xyz/games/retro/mario/mario-kart-super-circuit_1.html]
[www.teamseals.xyz/games/retro/pacman.html]
[www.teamseals.xyz/games/retro/pokemon.html]
[www.teamseals.xyz/games/retro/pokemon/pokemon-blue.html]
[www.teamseals.xyz/games/retro/pokemon/pokemon-gold.html]
[www.teamseals.xyz/games/retro/pokemon/pokemon-silver.html]
[www.teamseals.xyz/games/retro/pokemon/pokemon-yellow.html]
[www.teamseals.xyz/games/retro/pokemon/pokemon-ruby.html]
[www.teamseals.xyz/games/retro/tetris.html]
[www.teamseals.xyz/games/retro/zelda.html]
[www.teamseals.xyz/games/retro/zelda/ocarina-of-time.html]
[www.teamseals.xyz/games/retro/zelda/link-to-the-past.html]
[www.teamseals.xyz/games/retro/zelda/legend-of-zelda-a-link-to-the-past.html]
[www.teamseals.xyz/games/retro/super-monkey-ball-jr0.html]
[www.teamseals.xyz/games/flash/btd-1.html]
[www.teamseals.xyz/games/flash/btd-2.html]
[www.teamseals.xyz/games/3d/fnaf-1.html]
[www.teamseals.xyz/games/3d/jenga.html]
[www.teamseals.xyz/games/3d/cannon-balls-3d.html]
[www.teamseals.xyz/games/3d/tower-crash-3d.html]
[www.teamseals.xyz/games/3d/fall-guys.html]
[www.teamseals.xyz/games/3d/drift-hunters.html]
[www.teamseals.xyz/games/3d/madalin-stunt-cars.html]
[www.teamseals.xyz/games/3d/1v1-lol.html]
[www.teamseals.xyz/games/scratch/parking-sim.html]
[www.teamseals.xyz/apps/unblocked-websites/discord-semi.html]
[www.teamseals.xyz/apps/unblocked-websites/discord-semi/discord-unblocked.html]
[www.teamseals.xyz/apps/unblocked-websites/youtube-unblocked.html]
[www.teamseals.xyz/apps/unblocked-websites/google-unblocked.html]
[www.teamseals.xyz/apps/prxoxy/all-in-one-unblocker.html]
[www.teamseals.xyz/apps/prxoxy/corrosion.html]
[www.teamseals.xyz/apps/prxoxy/pillow.html]
[www.teamseals.xyz/apps/prxoxy/pillow/pillow-2.html]
[www.teamseals.xyz/apps/prxoxy/rammerhead.html]
[www.teamseals.xyz/apps/prxoxy/womgix.html]
[www.teamseals.xyz/apps/prxoxy/webtoppings.html]
[www.teamseals.xyz/apps/virtuals/browsers/vps.html]
[www.teamseals.xyz/apps/virtuals/browsers/watch-party.html]
[www.teamseals.xyz/others/info/credits.html]
[www.teamseals.xyz/others/info/copyright.html]
[www.teamseals.xyz/others/info/changelog.html]
[www.teamseals.xyz/others/forms/submission.html]
[www.teamseals.xyz/others/forms/bugs.html]
[www.teamseals.xyz/others/bookmarklet.html]
[www.teamseals.xyz/others/recorder.html]
[www.teamseals.xyz/_https_/www.addtoany.com/share___/a_.62.delayed]
[www.teamseals.xyz/_https_/static.addtoany.com/menu/page.js___/script_.63.delayed]
[www.teamseals.xyz/_https_/strawpoll.com/embed/zoyds5dyb_.64.delayed]
[www.teamseals.xyz/_https_/www.webfreecounter.com/_.65.delayed]
[www.teamseals.xyz/_https_/www.cutercounter.com/hits.668647.delayed]
[www.teamseals.xyz/_https_/pagead2.googlesyndication.com/pagead/js/adsbygoogle.67074e.delayed]
[www.teamseals.xyz/index.html]
[www.teamseals.xyz/home.html]
[www.teamseals.xyz/games.html]
[ssl.gstatic.com/atari/images/simple-header-blended.png]
[www.teamseals.xyz/games/featured/_https_/now.gg/play/roblox-corporation/5349/roblox_.69.delayed]
[www.teamseals.xyz/games/featured/r0blox/r0blox-proxy1.html]
[www.teamseals.xyz/games/featured/_https_/pagead2.googlesyndication.com/pagead/js/adsbygoogle.6b074e.delayed]
[www.teamseals.xyz/games/featured/r0blox.html]
[www.teamseals.xyz/games/featured/minecraft.html]
[www.teamseals.xyz/games/featured/minecraft/_https_/classic.minecraft.net/_.6c.delayed]
[www.teamseals.xyz/games/featured/minecraft/_https_/pagead2.googlesyndication.com/pagead/js/adsbygoogle.6d074e.delayed]
[www.teamseals.xyz/games/featured/minecraft/minecraft-classic-for-browser.html]
[www.teamseals.xyz/games/featured/minecraft/minecraft-classic-for-browser/_https_/minecraft-beta-version-16.gameprogammer.repl.co/_.6e.delayed]
[www.teamseals.xyz/games/featured/minecraft/minecraft-classic-for-browser/_https_/pagead2.googlesyndication.com/pagead/js/adsbygoogle.6f074e.delayed]
[www.teamseals.xyz/games/featured/minecraft/minecraft-classic-for-browser/mcc-alt.html]
[www.teamseals.xyz/games/featured/minecraft/_https_/now.gg/play/mojang/2534/minecraft-trial/_.70.delayed]
[www.teamseals.xyz/games/featured/minecraft/minecraft-android.html]
[www.teamseals.xyz/games/featured/minecraft/_https_/minecraft.js.org/_.71.delayed]
[www.teamseals.xyz/games/featured/minecraft/minekhan-js.html]
[www.teamseals.xyz/games/featured/friday-night-funkin.html]
[www.teamseals.xyz/games/featured/friday-night-funkin/_https_/28klotlucas2.github.io/Funkin-Html5/_.72.delayed]
[www.teamseals.xyz/games/featured/friday-night-funkin/_https_/pagead2.googlesyndication.com/pagead/js/adsbygoogle.73074e.delayed]
[www.teamseals.xyz/games/featured/friday-night-funkin/fnf-full.html]
[www.teamseals.xyz/games/featured/friday-night-funkin/fnf-full/_https_/static.playunblocked.com/2021/04/friday-night-funkin/_.74.delayed]
[www.teamseals.xyz/games/featured/friday-night-funkin/fnf-full/_https_/pagead2.googlesyndication.com/pagead/js/adsbygoogle.75074e.delayed]
[www.teamseals.xyz/games/featured/friday-night-funkin/fnf-full/fnf-week-7.html]
[www.teamseals.xyz/games/featured/friday-night-funkin/_https_/ggl22.github.io/fnf-soft/_.76.delayed]
[www.teamseals.xyz/games/featured/friday-night-funkin/soft-mod.html]
[www.teamseals.xyz/games/featured/friday-night-funkin/fnf-no-lag.html]
[www.teamseals.xyz/games/featured/friday-night-funkin/vs-mods/_https_/hdboye.github.io/fnfmods/minty/_.77.delayed]
[www.teamseals.xyz/games/featured/friday-night-funkin/vs-mods/_https_/pagead2.googlesyndication.com/pagead/js/adsbygoogle.78074e.delayed]
[www.teamseals.xyz/games/featured/friday-night-funkin/vs-mods/vs-minty.html]
[www.teamseals.xyz/games/featured/friday-night-funkin/vs-mods/vs-hatsune-miku.html]
[www.teamseals.xyz/games/featured/friday-night-funkin/vs-mods/vs-minus.html]
[www.teamseals.xyz/games/featured/friday-night-funkin/vs-mods/_https_/a11-in-one-byp4ss3r2.r3dw4t3r.repl.co/web/_aHR0cHM6Ly9jb29raWVkdWNrLmNvbQ==_/games/fnfmods/smokeemoutstruggle/_.79.delayed]
[www.teamseals.xyz/games/featured/friday-night-funkin/vs-mods/vs-garcello.html]
[www.teamseals.xyz/games/featured/friday-night-funkin/vs-mods/_https_/ggl22.github.io/impostor-v3/_.7a.delayed]
[www.teamseals.xyz/games/featured/friday-night-funkin/vs-mods/vs-imposter.html]
[www.teamseals.xyz/games/featured/friday-night-funkin/vs-mods/vs-huggy-wuggy.html]
[www.teamseals.xyz/games/featured/_https_/now.gg/play/devsisters-corporation/3475/cookie-run_.7b.delayed]
[www.teamseals.xyz/games/featured/cookie-run.html]
[www.teamseals.xyz/games/featured/cookie-run/cookie-run-proxy1.html]
[www.teamseals.xyz/games/featured/_https_/now.gg/play/innersloth-llc/4047/among-us_.7d.delayed]
[www.teamseals.xyz/games/featured/among-us.html]
[www.teamseals.xyz/games/featured/_https_/cdn.jsdelivr.net/gh/BinBashBanana/gstore/html5games/geometrydash/gdash.js___/script_.7e.delayed]
[www.teamseals.xyz/games/featured/geometry-dash.html]
[www.teamseals.xyz/games/html/_https_/hczhcz.github.io/2048/20ez/_.7f.delayed]
[www.teamseals.xyz/games/html/_https_/pagead2.googlesyndication.com/pagead/js/adsbygoogle.80074e.delayed]
[www.teamseals.xyz/games/html/2048.html]
[www.teamseals.xyz/games/html/antumbra.html]
[www.teamseals.xyz/games/html/_.81.delayed]
[www.teamseals.xyz/games/html/_/images/blue/thumbup.png___/a_.82.delayed]
[www.teamseals.xyz/games/html/_/images/blue/thumbdown.png___/a_.83.delayed]
[www.teamseals.xyz/games/html/_/images/blue/game_addfavourite.png___/a_.84.delayed]
[www.teamseals.xyz/games/html/_/images/blue/game_fullscreen.png___/a_.85.delayed]
[www.teamseals.xyz/games/html/_/images/blue/refresh.png___/a_.86.delayed]
[www.teamseals.xyz/games/html/_https_/h5.4j.com/Doodle-Jump-Online/index.876a05.delayed]
[www.teamseals.xyz/games/html/doodle-jump-normal.html]
[www.teamseals.xyz/games/html/doodle-jump-normal/_https_/pagead2.googlesyndication.com/pagead/js/adsbygoogle.88074e.delayed]
[www.teamseals.xyz/games/html/doodle-jump-normal/doodle-jump-basic-version.html]
[www.teamseals.xyz/games/html/cookie-clicker.html]
[www.teamseals.xyz/games/html/_https_/www.id.net/api/user_data/autologin.898720.delayed]
[www.teamseals.xyz/games/html/_/www.google.com/jsapi___/script__script_window.parent.maeExportApis_();_/script_.8a.delayed]
[www.teamseals.xyz/games/html/_https_/sites.google.com/site/texttwistfiles/style.8b.delayed]
[www.teamseals.xyz/games/html/_https_/sites.google.com/site/texttwistfiles/UnityProgress.js___/script_.8c.delayed]
[www.teamseals.xyz/games/html/_https_/sites.google.com/site/texttwistfiles/UnityLoaderscp.js___/script_.8d.delayed]
[www.teamseals.xyz/games/html/_blob_https_/n-hnbsic4mwxqqhdst7geaur6p3dyoakgrgnkcoeq-0lu-script.googleusercontent.com/fc094616-2ee9-4e6b-b162-c1edc0468093_.8e.delayed]
[www.teamseals.xyz/games/html/slope.html]
[www.teamseals.xyz/games/html/_https_/s0.2mdn.net/instream/video/client.8f.delayed]
[www.teamseals.xyz/games/html/_https_/www.google-analytics.com/analytics.js___/script__script.90.delayed]
[www.teamseals.xyz/games/html/_https_/api.gamemonetize.com/ga.js___/script__script.91.delayed]
[www.teamseals.xyz/games/html/_/gamemonetize.com/api/ima3.js___/script__script.92.delayed]
[www.teamseals.xyz/games/html/_https_/api.gamemonetize.com/sdk.js___/script__script.93.delayed]
[www.teamseals.xyz/games/html/_https_/adservice.google.com/adsid/integrator.947a33.delayed]
[www.teamseals.xyz/games/html/_https_/adservice.google.com/adsid/integrator.950a13.delayed]
[www.teamseals.xyz/games/html/_https_/sites.google.com/site/shootinggamesvevo/amongu.96.delayed]
[www.teamseals.xyz/games/html/_https_/sites.google.com/site/avtvirtot/UnityProgress.js___/script_.97.delayed]
[www.teamseals.xyz/games/html/_https_/sites.google.com/site/avtvirtot/UnityLoadernobody.js___/script_.98.delayed]
[www.teamseals.xyz/games/html/_https_/sites.google.com/view/iogames_.99.delayed]
[www.teamseals.xyz/games/html/_blob_https_/n-pdlyeornjgmlvixkl4ot27wmrszwq6vkeqs57xq-0lu-script.googleusercontent.com/f8afaca9-b83b-4077-bc6b-325bfcea207f_.9a.delayed]
[www.teamseals.xyz/games/html/_https_/imasdk.googleapis.com/js/core/bridge3.353.0_en.9b.delayed]
[www.teamseals.xyz/games/html/_https_/gamemonetize.com/___span.9c.delayed]
[www.teamseals.xyz/games/html/_about_blank_.9d.delayed]
[www.teamseals.xyz/games/html/flappy-bird.html]
[www.teamseals.xyz/games/html/_/www-sites-opensocial.googleusercontent.com/gadgets/js/core.9e38f5.delayed]
[www.teamseals.xyz/games/html/basketball-random.html]
[www.teamseals.xyz/games/html/baldis-basic.html]
[www.teamseals.xyz/games/html/_https_/anchorchurchsurfside.com/uploads/1/3/9/8/139890129/custom_themes/104868751615748392/files/2.html___/iframe__/div__script_gadgets.util.runOnLoadHandl/script__script_window.g]
[www.teamseals.xyz/games/html/_blob_https_/n-v35xezdhjyytpvodf7qa7aniac3pqzaea4jnefa-0lu-script.googleusercontent.com/d2247cf9-2505-4671-8702-986d8c234f56_.a0.delayed]
[www.teamseals.xyz/games/html/_blob_https_/n-v35xezdhjyytpvodf7qa7aniac3pqzaea4jnefa-0lu-script.googleusercontent.com/de7de3fd-98da-4415-ba02-c6d3f56a0380_.a1.delayed]
[www.teamseals.xyz/games/html/rooftop-snipers.html]
[www.teamseals.xyz/games/html/_https_/partner.googleadservices.com/gampad/cookie.a24ee8.delayed]
[www.teamseals.xyz/games/html/_https_/pagead2.googlesyndication.com/pagead/managed/js/adsense/m202111030101/show_ads_impl.a3fc53.delayed]
[www.teamseals.xyz/games/html/_/cdn2.editmysite.com/js/wsnbn/snowday262.js___/script__script.a4.delayed]
[www.teamseals.xyz/games/html/_https_/ssl.google-analytics.com/ga.js___/script__script.a5.delayed]
[www.teamseals.xyz/games/html/_https_/www.clarity.ms/tag/92rk92uk2e___/script__script.a6.delayed]
[www.teamseals.xyz/games/html/_https_/pagead2.googlesyndication.com/pagead/js/adsbygoogle.a77894.delayed]
[www.teamseals.xyz/games/html/_files/theme/icon.a8.delayed]
[www.teamseals.xyz/games/html/_files/theme/Ruffle/ruffle.js___/script_.a9.delayed]
[www.teamseals.xyz/games/html/_/cdn2.editmysite.com/css/sites.aa3bdb.delayed]
[www.teamseals.xyz/games/html/_/cdn2.editmysite.com/css/old/fancybox.abb481.delayed]
[www.teamseals.xyz/games/html/_/files/main_style.ac8c16.delayed]
[www.teamseals.xyz/games/html/_/fonts.googleapis.com/css.ade03b.delayed]
[www.teamseals.xyz/games/html/_/files/templateArtifacts.ae47ab.delayed]
[www.teamseals.xyz/games/html/_https_/ajax.googleapis.com/ajax/libs/jquery/1.8.3/jquery.min.js___/script_.af.delayed]
[www.teamseals.xyz/games/html/_/cdn2.editmysite.com/js/lang/en/stl.b0ef82.delayed]
[www.teamseals.xyz/games/html/_/cdn2.editmysite.com/js/site/main.b121d1.delayed]
[www.teamseals.xyz/games/html/_/cdn2.editmysite.com/js/lang/en/stl.b2b185.delayed]
[www.teamseals.xyz/games/html/_https_/adservice.google.com/adsid/integrator.b36467.delayed]
[www.teamseals.xyz/games/html/_https_/adservice.google.com/adsid/integrator.b45aea.delayed]
[www.teamseals.xyz/games/html/_https_/googleads.g.doubleclick.net/pagead/html/r20211103/r20190131/zrt_lookup.b5.delayed]
[www.teamseals.xyz/games/html/_https_/prestigestorage.weebly.com/retrobowl.b6.delayed]
[www.teamseals.xyz/games/html/_https_/prestigegames777.weebly.com/__Prestige.b7.delayed]
[www.teamseals.xyz/games/html/_/cdn2.editmysite.com/js/site/main-customer-accounts-site.b80c65.delayed]
[www.teamseals.xyz/games/html/_https_/www.google.com/recaptcha/api2/aframe_.b9.delayed]
[www.teamseals.xyz/games/html/retro-bowl.html]
[www.teamseals.xyz/games/html/_https_/lagged.com/en/g/pandemic-simulator__.ba.delayed]
[www.teamseals.xyz/games/html/_/www.google-analytics.com/analytics.js___/script__script.bb.delayed]
[www.teamseals.xyz/games/html/_https_/ssl.minijuegosgratis.com/lechuck/js/latest.js___/script__script.bc.delayed]
[www.teamseals.xyz/games/html/_https_/ssl.minijuegosgratis.com/lechuck/js/easyxdm/easyXDM.min.bd.delayed]
[www.teamseals.xyz/games/html/_https_/lagged.com/build/mj/pandemic-simulator/___/object_.be.delayed]
[www.teamseals.xyz/games/html/plague-inc.html]
[www.teamseals.xyz/games/html/_https_/funhtml5games.bf0f68.delayed]
[www.teamseals.xyz/games/html/angry-birds.html]
[www.teamseals.xyz/games/html/_https_/funhtml5games.c0b945.delayed]
[www.teamseals.xyz/games/html/minion-kartz.html]
[www.teamseals.xyz/games/io/_https_/a11-in-one-byp4ss3r2.r3dw4t3r.repl.co/web/_aHR0cHM6Ly90ZXJyaXRvcmlhbC5pbw==_/_.c1.delayed]
[www.teamseals.xyz/games/io/_https_/pagead2.googlesyndication.com/pagead/js/adsbygoogle.c2074e.delayed]
[www.teamseals.xyz/games/io/territorial-io.html]
[www.teamseals.xyz/games/io/_https_/unblocked-games.s3.amazonaws.com/games/stackball-io/index.c3.delayed]
[www.teamseals.xyz/games/io/_/3d/index.html__3D_/a__/li__li__a.c4.delayed]
[www.teamseals.xyz/games/io/_/arcade/index.html__Arcade_/a__/li__li__a.c5.delayed]
[www.teamseals.xyz/games/io/_/io-games/index.c6.delayed]
[www.teamseals.xyz/games/io/_/unblocked-games-66/index.c7.delayed]
[www.teamseals.xyz/games/io/stackball-io.html]
[www.teamseals.xyz/games/io/_https_/s3.amazonaws.com/crazygames-unblocked/gameframe/survivio_.c8.delayed]
[www.teamseals.xyz/games/io/surviv-io.html]
[www.teamseals.xyz/games/retro/emulation/emulator/_https_/pagead2.googlesyndication.com/pagead/js/adsbygoogle.c9074e.delayed]
[www.teamseals.xyz/games/retro/emulation/emulator/snes.html]
[www.teamseals.xyz/games/retro/emulation/emulator/nes.html]
[www.teamseals.xyz/games/retro/emulation/emulator/genesis.html]
[www.teamseals.xyz/games/retro/emulation/emulator/gba.html]
[www.teamseals.xyz/games/retro/emulation/emulator/n64.html]
[www.teamseals.xyz/games/retro/emulation/_https_/ethanaobrien.github.io/emulatorjs/_;.ca.delayed]
[www.teamseals.xyz/games/retro/emulation/_https_/pillowjk.xyz/c/hvtrs8/-evhcnco`rkel.eivhwb,im/gmwlctmrhs-/_;.cb.delayed]
[www.teamseals.xyz/games/retro/emulation/_https_/pagead2.googlesyndication.com/pagead/js/adsbygoogle.cc074e.delayed]
[www.teamseals.xyz/games/retro/emulation/emulatorjs.html]
[www.teamseals.xyz/games/retro/_https_/dos.zone/en/play/https_/doszone-uploads.s3.dualstack.eu-central-1.amazonaws.com/original/2X/8/80ba33210cab4177158dde6f2ec9704de56c7dfc.cdd808.delayed]
[www.teamseals.xyz/games/retro/_https_/pagead2.googlesyndication.com/pagead/js/adsbygoogle.ce074e.delayed]
[www.teamseals.xyz/games/retro/doom.html]
[www.teamseals.xyz/games/retro/mario.html]
[www.teamseals.xyz/games/retro/mario/_/style.cf.delayed]
[www.teamseals.xyz/games/retro/mario/_/script.d0.delayed]
[www.teamseals.xyz/games/retro/mario/_https_/pagead2.googlesyndication.com/pagead/js/adsbygoogle.d1074e.delayed]
[www.teamseals.xyz/games/retro/mario/smb-super-mario-bros-nes.html]
[www.teamseals.xyz/games/retro/mario/smw-super-mario-world.html]
[www.teamseals.xyz/games/retro/mario/mario-kart-super-circuit.html]
[www.teamseals.xyz/games/retro/mario/mario-kart-64.html]
[www.teamseals.xyz/games/retro/mario/super-mario-64.html]
[www.teamseals.xyz/games/retro/mario/mario-kart-super-circuit_1.html]
[www.teamseals.xyz/games/retro/pacman.html]
[www.teamseals.xyz/games/retro/pokemon.html]
[www.teamseals.xyz/games/retro/pokemon/_/style.d2.delayed]
[www.teamseals.xyz/games/retro/pokemon/_/script.d3.delayed]
[www.teamseals.xyz/games/retro/pokemon/_https_/pagead2.googlesyndication.com/pagead/js/adsbygoogle.d4074e.delayed]
[www.teamseals.xyz/games/retro/pokemon/pokemon-blue.html]
[www.teamseals.xyz/games/retro/pokemon/pokemon-gold.html]
[www.teamseals.xyz/games/retro/pokemon/pokemon-silver.html]
[www.teamseals.xyz/games/retro/pokemon/pokemon-yellow.html]
[www.teamseals.xyz/games/retro/pokemon/pokemon-ruby.html]
[www.teamseals.xyz/games/retro/tetris.html]
[www.teamseals.xyz/games/retro/zelda.html]
[www.teamseals.xyz/games/retro/zelda/_/style.d5.delayed]
[www.teamseals.xyz/games/retro/zelda/_/script.d6.delayed]
[www.teamseals.xyz/games/retro/zelda/_https_/pagead2.googlesyndication.com/pagead/js/adsbygoogle.d7074e.delayed]
[www.teamseals.xyz/games/retro/zelda/ocarina-of-time.html]
[www.teamseals.xyz/games/retro/zelda/link-to-the-past.html]
[www.teamseals.xyz/games/retro/zelda/legend-of-zelda-a-link-to-the-past.html]
[www.teamseals.xyz/games/retro/super-monkey-ball-jr0.html]
[www.teamseals.xyz/games/flash/'https_/e9x.github.io/ruffle/ruffle.js'__/script_.d8.delayed]
[www.teamseals.xyz/games/flash/_https_/cdn.glitch.com/3a5a9cde-bd18-42d9-89ea-223250fe11a6/bloonstd.d9a3a7.delayed]
[www.teamseals.xyz/games/flash/_https_/pagead2.googlesyndication.com/pagead/js/adsbygoogle.da074e.delayed]
[www.teamseals.xyz/games/flash/btd-1.html]
[www.teamseals.xyz/games/flash/btd-2.html]
[www.teamseals.xyz/games/3d/_https_/pagead2.googlesyndication.com/pagead/js/adsbygoogle.db074e.delayed]
[www.teamseals.xyz/games/3d/fnaf-1.html]
[www.teamseals.xyz/games/3d/jenga.html]
[www.teamseals.xyz/games/3d/cannon-balls-3d.html]
[www.teamseals.xyz/games/3d/tower-crash-3d.html]
[www.teamseals.xyz/games/3d/_https_/tazogogala27.github.io/run-boys-and-girls/_.dc.delayed]
[www.teamseals.xyz/games/3d/fall-guys.html]
[www.teamseals.xyz/games/3d/_/site/unblockedgame76/_/rsrc/1583904359749/favicon.dd.delayed]
[www.teamseals.xyz/games/3d/_https_/ssl.gstatic.com/sites/p/8877e9/system/app/images/apple-touch-icon.de.delayed]
[www.teamseals.xyz/games/3d/_https_/ssl.gstatic.com/sites/p/8877e9/system/app/themes/tiles/standard-css-tiles-ltr-ltr.df.delayed]
[www.teamseals.xyz/games/3d/_/site/unblockedgame76/_/rsrc/1636010425000/system/app/css/overlay.e00dc2.delayed]
[www.teamseals.xyz/games/3d/_/site/unblockedgame76/_/rsrc/1636010425000/system/app/css/camelot/allthemes-view.e1.delayed]
[www.teamseals.xyz/games/3d/_/site/unblockedgame76/system/app/css/camelot/allthemes-ie.e2.delayed]
[www.teamseals.xyz/games/3d/_https_/ssl.google-analytics.com/ga.js___/script__/head_.e3.delayed]
[www.teamseals.xyz/games/3d/_/mj89sp3sau2k7lj1eg3k40hkeppguj6j-a-sites-opensocial.googleusercontent.com/gadgets/ifr.e4d853.delayed]
[www.teamseals.xyz/games/3d/_https_/ssl.gstatic.com/sites/p/8877e9/system/js/jot_min_view__en.js___/script_.e5.delayed]
[www.teamseals.xyz/games/3d/drift-hunters.html]
[www.teamseals.xyz/games/3d/_/www.google.com/jsapi___/script__script_window.parent.maeExportApis_();_/script_.e6.delayed]
[www.teamseals.xyz/games/3d/_https_/tooadvancedforsociety.gq/tam-madalin-stunt-cars-2/_.e7.delayed]
[www.teamseals.xyz/games/3d/madalin-stunt-cars.html]
[www.teamseals.xyz/games/3d/_https_/rawcdn.githack.com/scheng123321/channeler-tam/main/index.e8f9bf.delayed]
[www.teamseals.xyz/games/3d/1v1-lol.html]
[www.teamseals.xyz/games/scratch/_https_/pagead2.googlesyndication.com/pagead/js/adsbygoogle.e9074e.delayed]
[www.teamseals.xyz/games/scratch/parking-sim.html]
[www.teamseals.xyz/apps/unblocked-websites/_https_/chatutils-1.andromida.repl.co/_.ea.delayed]
[www.teamseals.xyz/apps/unblocked-websites/_https_/pagead2.googlesyndication.com/pagead/js/adsbygoogle.eb074e.delayed]
[www.teamseals.xyz/apps/unblocked-websites/discord-semi.html]
[www.teamseals.xyz/apps/prxoxy/pydodgeb.html]
[www.teamseals.xyz/apps/virtuals/browsers/invited.html]
[www.teamseals.xyz/apps/unblocked-websites/discord-semi/_https_/pagead2.googlesyndication.com/pagead/js/adsbygoogle.ee074e.delayed]
[www.teamseals.xyz/apps/unblocked-websites/discord-semi/discord-unblocked.html]
[www.teamseals.xyz/apps/unblocked-websites/_https_/holyunblockerpublic.frankjohnson7.repl.co/search/hvtrs8/-wuw,ymuvu`e,cmm_.ef.delayed]
[www.teamseals.xyz/apps/unblocked-websites/youtube-unblocked.html]
[www.teamseals.xyz/apps/unblocked-websites/google-unblocked.html]
[www.teamseals.xyz/apps/prxoxy/_https_/pagead2.googlesyndication.com/pagead/js/adsbygoogle.f0074e.delayed]
[www.teamseals.xyz/apps/prxoxy/all-in-one-unblocker.html]
[www.teamseals.xyz/apps/prxoxy/corrosion.html]
[www.teamseals.xyz/apps/prxoxy/pillow.html]
[www.teamseals.xyz/apps/prxoxy/_https_/fesfrefewoiewiofeoi.frankjohnson7.repl.co/indexd57d.html]
[www.teamseals.xyz/apps/prxoxy/pillow/_https_/pagead2.googlesyndication.com/pagead/js/adsbygoogle.f1074e.delayed]
[www.teamseals.xyz/apps/prxoxy/pillow/pillow-2.html]
[www.teamseals.xyz/apps/prxoxy/rammerhead.html]
[www.teamseals.xyz/apps/prxoxy/womgix.html]
[www.teamseals.xyz/apps/prxoxy/webtoppings.html]
[www.teamseals.xyz/apps/virtuals/browsers/_https_/pagead2.googlesyndication.com/pagead/js/adsbygoogle.f2074e.delayed]
[www.teamseals.xyz/apps/virtuals/browsers/vps.html]
[www.teamseals.xyz/apps/virtuals/browsers/watch-party.html]
[www.teamseals.xyz/others/info/_https_/pagead2.googlesyndication.com/pagead/js/adsbygoogle.f3074e.delayed]
[www.teamseals.xyz/others/info/credits.html]
[www.teamseals.xyz/others/info/copyright.html]
[www.teamseals.xyz/others/info/changelog.html]
[www.teamseals.xyz/others/forms/_https_/pagead2.googlesyndication.com/pagead/js/adsbygoogle.f4074e.delayed]
[www.teamseals.xyz/others/forms/submission.html]
[www.teamseals.xyz/others/forms/bugs.html]
[www.teamseals.xyz/others/_https_/pagead2.googlesyndication.com/pagead/js/adsbygoogle.f5074e.delayed]
[www.teamseals.xyz/others/bookmarklet.html]
[www.teamseals.xyz/others/recorder.html]
[www.teamseals.xyz/_https_/www.addtoany.com/share___/a_.html]
[www.teamseals.xyz/_https_/static.addtoany.com/menu/page.js___/script_.html]
[www.teamseals.xyz/_https_/strawpoll.com/embed/zoyds5dyb_.html]
[www.teamseals.xyz/_https_/www.webfreecounter.com/_.html]
[www.teamseals.xyz/_https_/www.cutercounter.com/hits8647.html]
[www.teamseals.xyz/_https_/pagead2.googlesyndication.com/pagead/js/adsbygoogle074e.html]
[www.teamseals.xyz/games/featured/_https_/now.gg/play/roblox-corporation/5349/roblox_.html]
[www.teamseals.xyz/games/featured/r0blox/_https_/alloy-1.randomretar7.repl.co/web/_aHR0cHM6Ly9ub3cuZ2c=_/play/roblox-corporation/5349/roblox_.f6.delayed]
[www.teamseals.xyz/games/featured/r0blox/_https_/a11-in-one-byp4ss3r.r3dw4t3r.repl.co/web/_aHR0cHM6Ly9ub3cuZ2c=_/play/roblox-corporation/5349/roblox_.f7.delayed]
[www.teamseals.xyz/games/featured/r0blox/_https_/pagead2.googlesyndication.com/pagead/js/adsbygoogle.f8074e.delayed]
[www.teamseals.xyz/games/featured/r0blox/r0blox-proxy1.html]
[www.teamseals.xyz/games/featured/_https_/pagead2.googlesyndication.com/pagead/js/adsbygoogle074e.html]
[www.teamseals.xyz/games/featured/minecraft/_https_/classic.minecraft.net/_.html]
[www.teamseals.xyz/games/featured/minecraft/_https_/pagead2.googlesyndication.com/pagead/js/adsbygoogle074e.html]
[www.teamseals.xyz/games/featured/minecraft/minecraft-classic-for-browser/_https_/minecraft-beta-version-16.gameprogammer.repl.co/_.html]
[www.teamseals.xyz/games/featured/minecraft/minecraft-classic-for-browser/_https_/pagead2.googlesyndication.com/pagead/js/adsbygoogle074e.html]
[www.teamseals.xyz/games/featured/minecraft/_https_/now.gg/play/mojang/2534/minecraft-trial/_.html]
[www.teamseals.xyz/games/featured/minecraft/_https_/minecraft.js.org/_.html]
[www.teamseals.xyz/games/featured/friday-night-funkin/_https_/28klotlucas2.github.io/Funkin-Html5/_.html]
[www.teamseals.xyz/games/featured/friday-night-funkin/_https_/pagead2.googlesyndication.com/pagead/js/adsbygoogle074e.html]
[www.teamseals.xyz/games/featured/friday-night-funkin/fnf-full/_https_/static.playunblocked.com/2021/04/friday-night-funkin/_.html]
[www.teamseals.xyz/games/featured/friday-night-funkin/fnf-full/_https_/pagead2.googlesyndication.com/pagead/js/adsbygoogle074e.html]
[www.teamseals.xyz/games/featured/friday-night-funkin/_https_/ggl22.github.io/fnf-soft/_.html]
[www.teamseals.xyz/games/featured/friday-night-funkin/vs-mods/_https_/hdboye.github.io/fnfmods/minty/_.html]
[www.teamseals.xyz/games/featured/friday-night-funkin/vs-mods/_https_/pagead2.googlesyndication.com/pagead/js/adsbygoogle074e.html]
[www.teamseals.xyz/games/featured/friday-night-funkin/vs-mods/_https_/a11-in-one-byp4ss3r2.r3dw4t3r.repl.co/web/_aHR0cHM6Ly9jb29raWVkdWNrLmNvbQ==_/games/fnfmods/smokeemoutstruggle/_.html]
[www.teamseals.xyz/games/featured/friday-night-funkin/vs-mods/_https_/ggl22.github.io/impostor-v3/_.html]
[www.teamseals.xyz/games/featured/_https_/now.gg/play/devsisters-corporation/3475/cookie-run_.html]
[www.teamseals.xyz/games/featured/cookie-run/_https_/a11-in-one-byp4ss3r2.r3dw4t3r.repl.co/web/_aHR0cHM6Ly9ub3cuZ2c=_/play/devsisters-corporation/3475/cookie-run_.f9.delayed]
[www.teamseals.xyz/games/featured/cookie-run/_https_/pagead2.googlesyndication.com/pagead/js/adsbygoogle.fa074e.delayed]
[www.teamseals.xyz/games/featured/cookie-run/cookie-run-proxy1.html]
[www.teamseals.xyz/games/featured/_https_/now.gg/play/innersloth-llc/4047/among-us_.html]
[www.teamseals.xyz/games/featured/_https_/cdn.jsdelivr.net/gh/BinBashBanana/gstore/html5games/geometrydash/gdash.js___/script_.html]
[www.teamseals.xyz/games/html/_https_/hczhcz.github.io/2048/20ez/_.html]
[www.teamseals.xyz/games/html/_https_/pagead2.googlesyndication.com/pagead/js/adsbygoogle074e.html]
[www.teamseals.xyz/games/html/_.html]
[www.teamseals.xyz/games/html/_/images/blue/thumbup.png___/a_.html]
[www.teamseals.xyz/games/html/_/images/blue/thumbdown.png___/a_.html]
[www.teamseals.xyz/games/html/_/images/blue/game_addfavourite.png___/a_.html]
[www.teamseals.xyz/games/html/_/images/blue/game_fullscreen.png___/a_.html]
[www.teamseals.xyz/games/html/_/images/blue/refresh.png___/a_.html]
[www.teamseals.xyz/games/html/_https_/h5.4j.com/Doodle-Jump-Online/index6a05.html]
[www.teamseals.xyz/games/html/doodle-jump-normal/_https_/pagead2.googlesyndication.com/pagead/js/adsbygoogle074e.html]
[www.teamseals.xyz/games/html/_https_/www.id.net/api/user_data/autologin8720.html]
[www.teamseals.xyz/games/html/_/www.google.com/jsapi___/script__script_window.parent.maeExportApis_();_/script_.html]
[www.teamseals.xyz/games/html/_https_/sites.google.com/site/texttwistfiles/style.html]
[www.teamseals.xyz/games/html/_https_/sites.google.com/site/texttwistfiles/UnityProgress.js___/script_.html]
[www.teamseals.xyz/games/html/_https_/sites.google.com/site/texttwistfiles/UnityLoaderscp.js___/script_.html]
[www.teamseals.xyz/games/html/_blob_https_/n-hnbsic4mwxqqhdst7geaur6p3dyoakgrgnkcoeq-0lu-script.googleusercontent.com/fc094616-2ee9-4e6b-b162-c1edc0468093_.html]
[www.teamseals.xyz/games/html/_https_/s0.2mdn.net/instream/video/client.html]
[www.teamseals.xyz/games/html/_https_/www.google-analytics.com/analytics.js___/script__script.html]
[www.teamseals.xyz/games/html/_https_/api.gamemonetize.com/ga.js___/script__script.html]
[www.teamseals.xyz/games/html/_/gamemonetize.com/api/ima3.js___/script__script.html]
[www.teamseals.xyz/games/html/_https_/api.gamemonetize.com/sdk.js___/script__script.html]
[www.teamseals.xyz/games/html/_https_/adservice.google.com/adsid/integrator7a33.html]
[www.teamseals.xyz/games/html/_https_/adservice.google.com/adsid/integrator0a13.html]
[www.teamseals.xyz/games/html/_https_/sites.google.com/site/shootinggamesvevo/amongu.html]
[www.teamseals.xyz/games/html/_https_/sites.google.com/site/avtvirtot/UnityProgress.js___/script_.html]
[www.teamseals.xyz/games/html/_https_/sites.google.com/site/avtvirtot/UnityLoadernobody.js___/script_.html]
[www.teamseals.xyz/games/html/_https_/sites.google.com/view/iogames_.html]
[www.teamseals.xyz/games/html/_blob_https_/n-pdlyeornjgmlvixkl4ot27wmrszwq6vkeqs57xq-0lu-script.googleusercontent.com/f8afaca9-b83b-4077-bc6b-325bfcea207f_.html]
[www.teamseals.xyz/games/html/_https_/imasdk.googleapis.com/js/core/bridge3.353.0_en.html]
[www.teamseals.xyz/games/html/_https_/gamemonetize.com/___span.html]
[www.teamseals.xyz/games/html/_about_blank_.html]
[www.teamseals.xyz/games/html/_/www-sites-opensocial.googleusercontent.com/gadgets/js/core38f5.html]
[www.teamseals.xyz/games/html/_https_/anchorchurchsurfside.com/uploads/1/3/9/8/139890129/custom_themes/104868751615748392/files/2.html___/iframe__/div__script_gadgets.util.runOnLoadHandl/script__script_window.g]
[www.teamseals.xyz/games/html/_blob_https_/n-v35xezdhjyytpvodf7qa7aniac3pqzaea4jnefa-0lu-script.googleusercontent.com/d2247cf9-2505-4671-8702-986d8c234f56_.html]
[www.teamseals.xyz/games/html/_blob_https_/n-v35xezdhjyytpvodf7qa7aniac3pqzaea4jnefa-0lu-script.googleusercontent.com/de7de3fd-98da-4415-ba02-c6d3f56a0380_.html]
[www.teamseals.xyz/games/html/_https_/partner.googleadservices.com/gampad/cookie4ee8.html]
[www.teamseals.xyz/games/html/_https_/pagead2.googlesyndication.com/pagead/managed/js/adsense/m202111030101/show_ads_implfc53.html]
[www.teamseals.xyz/games/html/_/cdn2.editmysite.com/js/wsnbn/snowday262.js___/script__script.html]
[www.teamseals.xyz/games/html/_https_/ssl.google-analytics.com/ga.js___/script__script.html]
[www.teamseals.xyz/games/html/_https_/www.clarity.ms/tag/92rk92uk2e___/script__script.html]
[www.teamseals.xyz/games/html/_https_/pagead2.googlesyndication.com/pagead/js/adsbygoogle7894.html]
[www.teamseals.xyz/games/html/_files/theme/icon.html]
[www.teamseals.xyz/games/html/_files/theme/Ruffle/ruffle.js___/script_.html]
[www.teamseals.xyz/games/html/_/cdn2.editmysite.com/css/sites3bdb.html]
[www.teamseals.xyz/games/html/_/cdn2.editmysite.com/css/old/fancyboxb481.html]
[www.teamseals.xyz/games/html/_/files/main_style8c16.html]
[www.teamseals.xyz/games/html/_/fonts.googleapis.com/csse03b.html]
[www.teamseals.xyz/games/html/_/files/templateArtifacts47ab.html]
[www.teamseals.xyz/games/html/_https_/ajax.googleapis.com/ajax/libs/jquery/1.8.3/jquery.min.js___/script_.html]
[www.teamseals.xyz/games/html/_/cdn2.editmysite.com/js/lang/en/stlef82.html]
[www.teamseals.xyz/games/html/_/cdn2.editmysite.com/js/site/main21d1.html]
[www.teamseals.xyz/games/html/_/cdn2.editmysite.com/js/lang/en/stlb185.html]
[www.teamseals.xyz/games/html/_https_/adservice.google.com/adsid/integrator6467.html]
[www.teamseals.xyz/games/html/_https_/adservice.google.com/adsid/integrator5aea.html]
[www.teamseals.xyz/games/html/_https_/googleads.g.doubleclick.net/pagead/html/r20211103/r20190131/zrt_lookup.html]
[www.teamseals.xyz/games/html/_https_/prestigestorage.weebly.com/retrobowl.html]
[www.teamseals.xyz/games/html/_https_/prestigegames777.weebly.com/__Prestige.html]
[www.teamseals.xyz/games/html/_/cdn2.editmysite.com/js/site/main-customer-accounts-site0c65.html]
[www.teamseals.xyz/games/html/_https_/www.google.com/recaptcha/api2/aframe_.html]
[www.teamseals.xyz/games/html/_https_/lagged.com/en/g/pandemic-simulator__.html]
[www.teamseals.xyz/games/html/_/www.google-analytics.com/analytics.js___/script__script.html]
[www.teamseals.xyz/games/html/_https_/ssl.minijuegosgratis.com/lechuck/js/latest.js___/script__script.html]
[www.teamseals.xyz/games/html/_https_/ssl.minijuegosgratis.com/lechuck/js/easyxdm/easyXDM.min.html]
[www.teamseals.xyz/games/html/_https_/lagged.com/build/mj/pandemic-simulator/___/object_.html]
[www.teamseals.xyz/games/html/_https_/funhtml5games0f68.html]
[www.teamseals.xyz/games/html/_https_/funhtml5gamesb945.html]
[www.teamseals.xyz/games/io/_https_/a11-in-one-byp4ss3r2.r3dw4t3r.repl.co/web/_aHR0cHM6Ly90ZXJyaXRvcmlhbC5pbw==_/_.html]
[www.teamseals.xyz/games/io/_https_/pagead2.googlesyndication.com/pagead/js/adsbygoogle074e.html]
[www.teamseals.xyz/games/io/_https_/unblocked-games.s3.amazonaws.com/games/stackball-io/index.html]
[www.teamseals.xyz/games/io/_/3d/index.html__3D_/a__/li__li__a.html]
[www.teamseals.xyz/games/io/_/arcade/index.html__Arcade_/a__/li__li__a.html]
[www.teamseals.xyz/games/io/_/io-games/index.html]
[www.teamseals.xyz/games/io/_/unblocked-games-66/index.html]
[www.teamseals.xyz/games/io/_https_/s3.amazonaws.com/crazygames-unblocked/gameframe/survivio_.html]
[www.teamseals.xyz/games/retro/emulation/emulator/_https_/pagead2.googlesyndication.com/pagead/js/adsbygoogle074e.html]
[www.teamseals.xyz/games/retro/emulation/_https_/ethanaobrien.github.io/emulatorjs/_;.html]
[www.teamseals.xyz/games/retro/emulation/_https_/pillowjk.xyz/c/hvtrs8/-evhcnco`rkel.eivhwb,im/gmwlctmrhs-/_;.html]
[www.teamseals.xyz/games/retro/emulation/_https_/pagead2.googlesyndication.com/pagead/js/adsbygoogle074e.html]
[www.teamseals.xyz/games/retro/_https_/dos.zone/en/play/https_/doszone-uploads.s3.dualstack.eu-central-1.amazonaws.com/original/2X/8/80ba33210cab4177158dde6f2ec9704de56c7dfcd808.html]
[www.teamseals.xyz/games/retro/_https_/pagead2.googlesyndication.com/pagead/js/adsbygoogle074e.html]
[www.teamseals.xyz/games/retro/mario/_/style.html]
[www.teamseals.xyz/games/retro/mario/_/script.html]
[www.teamseals.xyz/games/retro/mario/_https_/pagead2.googlesyndication.com/pagead/js/adsbygoogle074e.html]
[www.teamseals.xyz/games/retro/pokemon/_/style.html]
[www.teamseals.xyz/games/retro/pokemon/_/script.html]
[www.teamseals.xyz/games/retro/pokemon/_https_/pagead2.googlesyndication.com/pagead/js/adsbygoogle074e.html]
[www.teamseals.xyz/games/retro/zelda/_/style.html]
[www.teamseals.xyz/games/retro/zelda/_/script.html]
[www.teamseals.xyz/games/retro/zelda/_https_/pagead2.googlesyndication.com/pagead/js/adsbygoogle074e.html]
[www.teamseals.xyz/games/flash/'https_/e9x.github.io/ruffle/ruffle.js'__/script_.html]
[www.teamseals.xyz/games/flash/_https_/cdn.glitch.com/3a5a9cde-bd18-42d9-89ea-223250fe11a6/bloonstda3a7.html]
[www.teamseals.xyz/games/flash/_https_/pagead2.googlesyndication.com/pagead/js/adsbygoogle074e.html]
[www.teamseals.xyz/games/3d/_https_/pagead2.googlesyndication.com/pagead/js/adsbygoogle074e.html]
[www.teamseals.xyz/games/3d/_https_/tazogogala27.github.io/run-boys-and-girls/_.html]
[www.teamseals.xyz/games/3d/_/site/unblockedgame76/_/rsrc/1583904359749/favicon.html]
[www.teamseals.xyz/games/3d/_https_/ssl.gstatic.com/sites/p/8877e9/system/app/images/apple-touch-icon.html]
[www.teamseals.xyz/games/3d/_https_/ssl.gstatic.com/sites/p/8877e9/system/app/themes/tiles/standard-css-tiles-ltr-ltr.html]
[www.teamseals.xyz/games/3d/_/site/unblockedgame76/_/rsrc/1636010425000/system/app/css/overlay0dc2.html]
[www.teamseals.xyz/games/3d/_/site/unblockedgame76/_/rsrc/1636010425000/system/app/css/camelot/allthemes-view.html]
[www.teamseals.xyz/games/3d/_/site/unblockedgame76/system/app/css/camelot/allthemes-ie.html]
[www.teamseals.xyz/games/3d/_https_/ssl.google-analytics.com/ga.js___/script__/head_.html]
[www.teamseals.xyz/games/3d/_/mj89sp3sau2k7lj1eg3k40hkeppguj6j-a-sites-opensocial.googleusercontent.com/gadgets/ifrd853.html]
[www.teamseals.xyz/games/3d/_https_/ssl.gstatic.com/sites/p/8877e9/system/js/jot_min_view__en.js___/script_.html]
[www.teamseals.xyz/games/3d/_/www.google.com/jsapi___/script__script_window.parent.maeExportApis_();_/script_.html]
[www.teamseals.xyz/games/3d/_https_/tooadvancedforsociety.gq/tam-madalin-stunt-cars-2/_.html]
[www.teamseals.xyz/games/3d/_https_/rawcdn.githack.com/scheng123321/channeler-tam/main/indexf9bf.html]
[www.teamseals.xyz/games/scratch/_https_/pagead2.googlesyndication.com/pagead/js/adsbygoogle074e.html]
[www.teamseals.xyz/apps/unblocked-websites/_https_/chatutils-1.andromida.repl.co/_.html]
[www.teamseals.xyz/apps/unblocked-websites/_https_/pagead2.googlesyndication.com/pagead/js/adsbygoogle074e.html]
[www.teamseals.xyz/apps/prxoxy/pydodgeb.html]
[www.teamseals.xyz/apps/virtuals/browsers/invited.html]
[www.teamseals.xyz/apps/unblocked-websites/discord-semi/_https_/pagead2.googlesyndication.com/pagead/js/adsbygoogle074e.html]
[www.teamseals.xyz/apps/unblocked-websites/_https_/holyunblockerpublic.frankjohnson7.repl.co/search/hvtrs8/-wuw,ymuvu`e,cmm_.html]
[www.teamseals.xyz/apps/prxoxy/_https_/pagead2.googlesyndication.com/pagead/js/adsbygoogle074e.html]
[www.teamseals.xyz/apps/prxoxy/_https_/fesfrefewoiewiofeoi.frankjohnson7.repl.co/indexd57d.html]
[www.teamseals.xyz/apps/prxoxy/pillow/_https_/pagead2.googlesyndication.com/pagead/js/adsbygoogle074e.html]
[www.teamseals.xyz/apps/virtuals/browsers/_https_/pagead2.googlesyndication.com/pagead/js/adsbygoogle074e.html]
[www.teamseals.xyz/others/info/_https_/pagead2.googlesyndication.com/pagead/js/adsbygoogle074e.html]
[www.teamseals.xyz/others/forms/_https_/pagead2.googlesyndication.com/pagead/js/adsbygoogle074e.html]
[www.teamseals.xyz/others/_https_/pagead2.googlesyndication.com/pagead/js/adsbygoogle074e.html]
[www.teamseals.xyz/games/featured/r0blox/_https_/alloy-1.randomretar7.repl.co/web/_aHR0cHM6Ly9ub3cuZ2c=_/play/roblox-corporation/5349/roblox_.html]
[www.teamseals.xyz/games/featured/r0blox/_https_/a11-in-one-byp4ss3r.r3dw4t3r.repl.co/web/_aHR0cHM6Ly9ub3cuZ2c=_/play/roblox-corporation/5349/roblox_.html]
[www.teamseals.xyz/games/featured/r0blox/_https_/pagead2.googlesyndication.com/pagead/js/adsbygoogle074e.html]
[www.teamseals.xyz/games/featured/cookie-run/_https_/a11-in-one-byp4ss3r2.r3dw4t3r.repl.co/web/_aHR0cHM6Ly9ub3cuZ2c=_/play/devsisters-corporation/3475/cookie-run_.html]
[www.teamseals.xyz/games/featured/cookie-run/_https_/pagead2.googlesyndication.com/pagead/js/adsbygoogle074e.html]
